(fun (con integer) (all a_26 (type) (fun a_26 a_26)))