(fun (con integer) [Maybe_2 (all a_13 (type) (fun a_13 a_13))])