(program
  (let
    (nonrec)
    (datatypebind
      (datatype
        (tyvardecl MyMonoData (type))
        
        MyMonoData_match
        (vardecl MonoA (fun (con integer) (fun (con integer) MyMonoData)))
        (vardecl MonoB (fun (con integer) MyMonoData))
        (vardecl MonoC (fun (con integer) MyMonoData))
      )
    )
    (lam
      ds
      MyMonoData
      [
        [
          [
            { [ MyMonoData_match ds ] (con integer) }
            (lam
              default_arg0
              (con integer)
              (lam default_arg1 (con integer) (con 2))
            )
          ]
          (lam default_arg0 (con integer) (con 2))
        ]
        (lam a (con integer) a)
      ]
    )
  )
)