(program
  (let
    (nonrec)
    (datatypebind
      (datatype
        (tyvardecl MyEnum (type))
        
        MyEnum_match
        (vardecl EnumA MyEnum) (vardecl EnumB MyEnum)
      )
    )
    EnumA
  )
)