(program
  (let
    (nonrec)
    (datatypebind
      (datatype
        (tyvardecl MyMonoData (type))
        
        MyMonoData_match
        (vardecl MonoA (fun (con integer) (fun (con integer) MyMonoData)))
        (vardecl MonoB (fun (con integer) MyMonoData))
        (vardecl MonoC (fun (con integer) MyMonoData))
      )
    )
    (datatypebind
      (datatype (tyvardecl Unit (type))  Unit_match (vardecl Unit Unit))
    )
    (lam
      ds
      MyMonoData
      [
        [
          [
            [
              { [ MyMonoData_match ds ] (fun Unit (con integer)) }
              (lam
                default_arg0
                (con integer)
                (lam
                  default_arg1
                  (con integer)
                  (lam thunk Unit { (abs e (type) (error e)) (con integer) })
                )
              )
            ]
            (lam a (con integer) (lam thunk Unit a))
          ]
          (lam
            default_arg0
            (con integer)
            (lam thunk Unit { (abs e (type) (error e)) (con integer) })
          )
        ]
        Unit
      ]
    )
  )
)