Error during typechecking:
Some binds of a recursive-let conflict with each other at conflictingRecursiveBinds:2:2
Conflicting identifier: j