Error during typechecking:
A duplicate identifier is introduced inside a single datatype-bind of let at duplicateDataConstrs:4:6
Offending identifier: Just