Error during typechecking:
The result-type of a dataconstructor is malformed at location wrongDataConstrReturnType:9:8
The expected result-type is: [Maybe a]