(program
  (let
    (nonrec)
    (datatypebind
      (datatype
        (tyvardecl MyPolyData (fun (type) (fun (type) (type))))
        (tyvardecl a (type)) (tyvardecl b (type))
        MyPolyData_match
        (vardecl PolyA (fun a (fun b [[MyPolyData a] b])))
        (vardecl PolyB (fun a [[MyPolyData a] b]))
      )
    )
    (lam ds [[MyPolyData (con integer)] (con integer)] ds)
  )
)